[INFO] Scanning for projects...
[INFO] 
[INFO] ---------------------< com:TravelPlanningPlatform >---------------------
[INFO] Building TravelPlanningPlatform 0.0.1-SNAPSHOT
[INFO]   from pom.xml
[INFO] --------------------------------[ jar ]---------------------------------
[INFO] 
[INFO] --- clean:3.3.2:clean (default-clean) @ TravelPlanningPlatform ---
[INFO] Deleting /Users/alidogan/Projects/JAVA/TravelPlanningPlatform/target
[INFO] 
[INFO] --- resources:3.3.1:resources (default-resources) @ TravelPlanningPlatform ---
[INFO] Copying 1 resource from src/main/resources to target/classes
[INFO] Copying 0 resource from src/main/resources to target/classes
[INFO] 
[INFO] --- compiler:3.11.0:compile (default-compile) @ TravelPlanningPlatform ---
[INFO] Changes detected - recompiling the module! :source
[INFO] Compiling 22 source files with javac [debug release 21] to target/classes
[INFO] /Users/alidogan/Projects/JAVA/TravelPlanningPlatform/src/main/java/com/travelplanningplatform/util/JwtUtil.java: /Users/alidogan/Projects/JAVA/TravelPlanningPlatform/src/main/java/com/travelplanningplatform/util/JwtUtil.java uses or overrides a deprecated API.
[INFO] /Users/alidogan/Projects/JAVA/TravelPlanningPlatform/src/main/java/com/travelplanningplatform/util/JwtUtil.java: Recompile with -Xlint:deprecation for details.
[INFO] -------------------------------------------------------------
[ERROR] COMPILATION ERROR : 
[INFO] -------------------------------------------------------------
[ERROR] /Users/alidogan/Projects/JAVA/TravelPlanningPlatform/src/main/java/com/travelplanningplatform/entity/User.java:[24,8] com.travelplanningplatform.entity.User is not abstract and does not override abstract method getUsername() in org.springframework.security.core.userdetails.UserDetails
[ERROR] /Users/alidogan/Projects/JAVA/TravelPlanningPlatform/src/main/java/com/travelplanningplatform/service/AuthService.java:[35,25] cannot find symbol
  symbol:   method builder()
  location: class com.travelplanningplatform.entity.User
[ERROR] /Users/alidogan/Projects/JAVA/TravelPlanningPlatform/src/main/java/com/travelplanningplatform/service/AuthService.java:[50,50] cannot find symbol
  symbol:   method getEmail()
  location: variable user of type com.travelplanningplatform.entity.User
[ERROR] /Users/alidogan/Projects/JAVA/TravelPlanningPlatform/src/main/java/com/travelplanningplatform/service/AuthService.java:[54,21] cannot find symbol
  symbol:   method getEmail()
  location: variable user of type com.travelplanningplatform.entity.User
[ERROR] /Users/alidogan/Projects/JAVA/TravelPlanningPlatform/src/main/java/com/travelplanningplatform/service/AuthService.java:[55,21] cannot find symbol
  symbol:   method getUsername()
  location: variable user of type com.travelplanningplatform.entity.User
[ERROR] /Users/alidogan/Projects/JAVA/TravelPlanningPlatform/src/main/java/com/travelplanningplatform/service/AuthService.java:[68,50] cannot find symbol
  symbol:   method getEmail()
  location: variable user of type com.travelplanningplatform.entity.User
[ERROR] /Users/alidogan/Projects/JAVA/TravelPlanningPlatform/src/main/java/com/travelplanningplatform/service/AuthService.java:[72,21] cannot find symbol
  symbol:   method getEmail()
  location: variable user of type com.travelplanningplatform.entity.User
[ERROR] /Users/alidogan/Projects/JAVA/TravelPlanningPlatform/src/main/java/com/travelplanningplatform/service/AuthService.java:[73,21] cannot find symbol
  symbol:   method getUsername()
  location: variable user of type com.travelplanningplatform.entity.User
[ERROR] /Users/alidogan/Projects/JAVA/TravelPlanningPlatform/src/main/java/com/travelplanningplatform/service/TripService.java:[27,33] cannot find symbol
  symbol:   method getId()
  location: variable user of type com.travelplanningplatform.entity.User
[ERROR] /Users/alidogan/Projects/JAVA/TravelPlanningPlatform/src/main/java/com/travelplanningplatform/service/TripService.java:[30,31] cannot find symbol
  symbol:   method getId()
  location: variable user of type com.travelplanningplatform.entity.User
[ERROR] /Users/alidogan/Projects/JAVA/TravelPlanningPlatform/src/main/java/com/travelplanningplatform/service/TripService.java:[60,25] cannot find symbol
  symbol:   method builder()
  location: class com.travelplanningplatform.entity.Trip
[ERROR] /Users/alidogan/Projects/JAVA/TravelPlanningPlatform/src/main/java/com/travelplanningplatform/service/ItineraryService.java:[49,40] cannot find symbol
  symbol:   method builder()
  location: class com.travelplanningplatform.entity.Itinerary
[ERROR] /Users/alidogan/Projects/JAVA/TravelPlanningPlatform/src/main/java/com/travelplanningplatform/service/ItineraryService.java:[107,43] cannot find symbol
  symbol:   method getTrip()
  location: variable itinerary of type com.travelplanningplatform.entity.Itinerary
[ERROR] /Users/alidogan/Projects/JAVA/TravelPlanningPlatform/src/main/java/com/travelplanningplatform/service/ItineraryService.java:[109,22] cannot find symbol
  symbol:   method isLocked()
  location: variable itinerary of type com.travelplanningplatform.entity.Itinerary
[INFO] 14 errors 
[INFO] -------------------------------------------------------------
[INFO] ------------------------------------------------------------------------
[INFO] BUILD FAILURE
[INFO] ------------------------------------------------------------------------
[INFO] Total time:  1.281 s
[INFO] Finished at: 2026-02-23T11:41:40+01:00
[INFO] ------------------------------------------------------------------------
[ERROR] Failed to execute goal org.apache.maven.plugins:maven-compiler-plugin:3.11.0:compile (default-compile) on project TravelPlanningPlatform: Compilation failure: Compilation failure: 
[ERROR] /Users/alidogan/Projects/JAVA/TravelPlanningPlatform/src/main/java/com/travelplanningplatform/entity/User.java:[24,8] com.travelplanningplatform.entity.User is not abstract and does not override abstract method getUsername() in org.springframework.security.core.userdetails.UserDetails
[ERROR] /Users/alidogan/Projects/JAVA/TravelPlanningPlatform/src/main/java/com/travelplanningplatform/service/AuthService.java:[35,25] cannot find symbol
[ERROR]   symbol:   method builder()
[ERROR]   location: class com.travelplanningplatform.entity.User
[ERROR] /Users/alidogan/Projects/JAVA/TravelPlanningPlatform/src/main/java/com/travelplanningplatform/service/AuthService.java:[50,50] cannot find symbol
[ERROR]   symbol:   method getEmail()
[ERROR]   location: variable user of type com.travelplanningplatform.entity.User
[ERROR] /Users/alidogan/Projects/JAVA/TravelPlanningPlatform/src/main/java/com/travelplanningplatform/service/AuthService.java:[54,21] cannot find symbol
[ERROR]   symbol:   method getEmail()
[ERROR]   location: variable user of type com.travelplanningplatform.entity.User
[ERROR] /Users/alidogan/Projects/JAVA/TravelPlanningPlatform/src/main/java/com/travelplanningplatform/service/AuthService.java:[55,21] cannot find symbol
[ERROR]   symbol:   method getUsername()
[ERROR]   location: variable user of type com.travelplanningplatform.entity.User
[ERROR] /Users/alidogan/Projects/JAVA/TravelPlanningPlatform/src/main/java/com/travelplanningplatform/service/AuthService.java:[68,50] cannot find symbol
[ERROR]   symbol:   method getEmail()
[ERROR]   location: variable user of type com.travelplanningplatform.entity.User
[ERROR] /Users/alidogan/Projects/JAVA/TravelPlanningPlatform/src/main/java/com/travelplanningplatform/service/AuthService.java:[72,21] cannot find symbol
[ERROR]   symbol:   method getEmail()
[ERROR]   location: variable user of type com.travelplanningplatform.entity.User
[ERROR] /Users/alidogan/Projects/JAVA/TravelPlanningPlatform/src/main/java/com/travelplanningplatform/service/AuthService.java:[73,21] cannot find symbol
[ERROR]   symbol:   method getUsername()
[ERROR]   location: variable user of type com.travelplanningplatform.entity.User
[ERROR] /Users/alidogan/Projects/JAVA/TravelPlanningPlatform/src/main/java/com/travelplanningplatform/service/TripService.java:[27,33] cannot find symbol
[ERROR]   symbol:   method getId()
[ERROR]   location: variable user of type com.travelplanningplatform.entity.User
[ERROR] /Users/alidogan/Projects/JAVA/TravelPlanningPlatform/src/main/java/com/travelplanningplatform/service/TripService.java:[30,31] cannot find symbol
[ERROR]   symbol:   method getId()
[ERROR]   location: variable user of type com.travelplanningplatform.entity.User
[ERROR] /Users/alidogan/Projects/JAVA/TravelPlanningPlatform/src/main/java/com/travelplanningplatform/service/TripService.java:[60,25] cannot find symbol
[ERROR]   symbol:   method builder()
[ERROR]   location: class com.travelplanningplatform.entity.Trip
[ERROR] /Users/alidogan/Projects/JAVA/TravelPlanningPlatform/src/main/java/com/travelplanningplatform/service/ItineraryService.java:[49,40] cannot find symbol
[ERROR]   symbol:   method builder()
[ERROR]   location: class com.travelplanningplatform.entity.Itinerary
[ERROR] /Users/alidogan/Projects/JAVA/TravelPlanningPlatform/src/main/java/com/travelplanningplatform/service/ItineraryService.java:[107,43] cannot find symbol
[ERROR]   symbol:   method getTrip()
[ERROR]   location: variable itinerary of type com.travelplanningplatform.entity.Itinerary
[ERROR] /Users/alidogan/Projects/JAVA/TravelPlanningPlatform/src/main/java/com/travelplanningplatform/service/ItineraryService.java:[109,22] cannot find symbol
[ERROR]   symbol:   method isLocked()
[ERROR]   location: variable itinerary of type com.travelplanningplatform.entity.Itinerary
[ERROR] -> [Help 1]
[ERROR] 
[ERROR] To see the full stack trace of the errors, re-run Maven with the -e switch.
[ERROR] Re-run Maven using the -X switch to enable full debug logging.
[ERROR] 
[ERROR] For more information about the errors and possible solutions, please read the following articles:
[ERROR] [Help 1] http://cwiki.apache.org/confluence/display/MAVEN/MojoFailureException
